## Audit Review — Transaction Date Filter (`GET /transactions`, feature-009)

---

### Overall Assessment

The feature is **functionally correct and well-specified**, but is **not deployable** in its current state. The QA stage correctly identified a migration drift failure that indicates the composite index is not present in the database. This is not a cosmetic issue — it is a correctness and performance guarantee that was committed to in the approved plan.

---

### What Was Done Well

**Planning quality is high.** The multi-lens review in the planning artifact is thorough and accurate. Every significant risk was identified ahead of time: the Python reserved-word alias (`from` → `from_date` with `Query(alias="from")`), the inclusive-on-both-ends semantics, the composite index requirement, the `transaction_date` vs `created_at` distinction, and the cross-user isolation test as an explicit integration test (not an assumed guarantee). This is the standard the planning stage should meet.

**Security posture is sound.** Identity derived solely from JWT `sub`, `user_id` filter applied before date predicates, no string interpolation into SQL, cross-user isolation tested explicitly. The security lens requirements were met.

**Test coverage is appropriately structured.** All eight QA acceptance criteria from the planning stage were addressed. The cross-user isolation test seeding two users with overlapping date ranges is exactly the right shape for that test.

**The reserved-word alias was handled correctly.** This is the most likely implementation mistake for this feature, and it was caught and addressed.

---

### What Is Blocking Release

**The composite index is not applied.** The migration drift test failed with:

```
FAILED: New upgrade operations detected: [('remove_index', Index('ix_transactions_user_id_transaction_date'...))]
```

This means the database schema does not contain the index, but the migration file does. The likely cause is one of two things: the migration was created but `alembic upgrade head` was not run (or was run against a different database than the one the tests use), or the migration was rolled back at some point during the implementation and not re-applied.

This is not a minor omission. At current data volumes the impact may be invisible, but the approved plan explicitly required this index, it was included in the CTO and Engineering Lead review, and the test suite is now telling us it is absent. Shipping without it means the feature works correctly but degrades silently as transaction volume grows — which is exactly the kind of invisible technical debt that compounds over time.

**Resolution required before release:**

1. Run `alembic upgrade head` against the target database and confirm it completes cleanly.
2. Re-run the full test suite. The drift test must pass.
3. Optionally: add a runtime assertion in the integration test (via `EXPLAIN` or `pg_indexes` query) that the index exists — this makes the guarantee explicit and visible in future CI runs.

---

### Minor Items (Non-blocking, Backlog)

**Deprecation warnings on `on_event`.** The test output mentions deprecated FastAPI lifecycle patterns. This does not affect feature-009, but it should be recorded in the technical debt register and addressed in a future cleanup pass. It is not a release gate.

**Feature documentation completeness.** The implementation notes reference `docs/features/transaction-date-filter.md` and an update to `docs/architecture/API.md`. These should be spot-checked to confirm the `from`/`to` alias naming is reflected accurately — the docs should show the query parameter name as `from` and `to` (as the client sees them), not `from_date`/`to_date` (which are internal Python names only).

---

### Lens-by-Lens Sign-off

| Lens | Status | Notes |
|---|---|---|
| Product / PM | ✅ | Feature delivers stated value; backfill date semantics confirmed (`transaction_date`) |
| Investor Advisor | ✅ | Inclusive range semantics correct; 422 on bad input preserves trust |
| CTO | ❌ | Index requirement not satisfied per drift test |
| Architect | ✅ | Route → service separation maintained; reserved-word alias handled |
| Engineering Lead | ⚠️ | Implementation correct, but migration application not verified |
| QA | ✅ | QA correctly blocked on drift failure; test structure is sound |
| Security | ✅ | No new attack surface; user isolation enforced and tested |

---

### Decision

**Hold.** The feature is not ready for release. Resolve the migration drift failure, re-run the full test suite to a clean pass, and return for re-approval. No other changes are required — everything else is correct.
